[0.191s] DEBUG:colcon:Command line arguments: ['/usr/bin/colcon', 'build', '--packages-select', 'my_nav', 'pose_sender', 'trh_msgs', 'text_to_directions']
[0.191s] DEBUG:colcon:Parsed command line arguments: Namespace(log_base=None, log_level=None, verb_name='build', build_base='build', install_base='install', merge_install=False, symlink_install=False, test_result_base=None, continue_on_error=False, executor='parallel', parallel_workers=8, event_handlers=None, ignore_user_meta=False, metas=['./colcon.meta'], base_paths=['.'], packages_ignore=None, packages_ignore_regex=None, paths=None, packages_up_to=None, packages_up_to_regex=None, packages_above=None, packages_above_and_dependencies=None, packages_above_depth=None, packages_select_by_dep=None, packages_skip_by_dep=None, packages_skip_up_to=None, packages_select_build_failed=False, packages_skip_build_finished=False, packages_select_test_failures=False, packages_skip_test_passed=False, packages_select=['my_nav', 'pose_sender', 'trh_msgs', 'text_to_directions'], packages_skip=None, packages_select_regex=None, packages_skip_regex=None, packages_start=None, packages_end=None, allow_overriding=[], cmake_args=None, cmake_target=None, cmake_target_skip_unavailable=False, cmake_clean_cache=False, cmake_clean_first=False, cmake_force_configure=False, ament_cmake_args=None, catkin_cmake_args=None, catkin_skip_building_tests=False, mixin_files=None, mixin=None, verb_parser=<colcon_mixin.mixin.mixin_argument.MixinArgumentDecorator object at 0x715d6a60e3b0>, verb_extension=<colcon_core.verb.build.BuildVerb object at 0x715d6a9d9e40>, main=<bound method BuildVerb.main of <colcon_core.verb.build.BuildVerb object at 0x715d6a9d9e40>>, mixin_verb=('build',))
[0.541s] Level 1:colcon.colcon_core.package_discovery:discover_packages(colcon_meta) check parameters
[0.541s] Level 1:colcon.colcon_core.package_discovery:discover_packages(recursive) check parameters
[0.541s] Level 1:colcon.colcon_core.package_discovery:discover_packages(ignore) check parameters
[0.541s] Level 1:colcon.colcon_core.package_discovery:discover_packages(path) check parameters
[0.541s] Level 1:colcon.colcon_core.package_discovery:discover_packages(colcon_meta) discover
[0.541s] Level 1:colcon.colcon_core.package_discovery:discover_packages(recursive) discover
[0.541s] INFO:colcon.colcon_core.package_discovery:Crawling recursively for packages in '/home/tammerhaddad/ament_ws/src/trh_ros/trh_nav'
[0.541s] Level 1:colcon.colcon_core.package_identification:_identify(.) by extensions ['ignore', 'ignore_ament_install']
[0.541s] Level 1:colcon.colcon_core.package_identification:_identify(.) by extension 'ignore'
[0.541s] Level 1:colcon.colcon_core.package_identification:_identify(.) by extension 'ignore_ament_install'
[0.542s] Level 1:colcon.colcon_core.package_identification:_identify(.) by extensions ['colcon_pkg']
[0.542s] Level 1:colcon.colcon_core.package_identification:_identify(.) by extension 'colcon_pkg'
[0.542s] Level 1:colcon.colcon_core.package_identification:_identify(.) by extensions ['colcon_meta']
[0.542s] Level 1:colcon.colcon_core.package_identification:_identify(.) by extension 'colcon_meta'
[0.542s] Level 1:colcon.colcon_core.package_identification:_identify(.) by extensions ['ros']
[0.542s] Level 1:colcon.colcon_core.package_identification:_identify(.) by extension 'ros'
[0.557s] Level 1:colcon.colcon_core.package_identification:_identify(.) by extensions ['cmake', 'python']
[0.557s] Level 1:colcon.colcon_core.package_identification:_identify(.) by extension 'cmake'
[0.557s] Level 1:colcon.colcon_core.package_identification:_identify(.) by extension 'python'
[0.557s] Level 1:colcon.colcon_core.package_identification:_identify(.) by extensions ['python_setup_py']
[0.557s] Level 1:colcon.colcon_core.package_identification:_identify(.) by extension 'python_setup_py'
[0.558s] Level 1:colcon.colcon_core.package_identification:_identify(build) by extensions ['ignore', 'ignore_ament_install']
[0.558s] Level 1:colcon.colcon_core.package_identification:_identify(build) by extension 'ignore'
[0.558s] Level 1:colcon.colcon_core.package_identification:_identify(build) ignored
[0.558s] Level 1:colcon.colcon_core.package_identification:_identify(install) by extensions ['ignore', 'ignore_ament_install']
[0.558s] Level 1:colcon.colcon_core.package_identification:_identify(install) by extension 'ignore'
[0.558s] Level 1:colcon.colcon_core.package_identification:_identify(install) ignored
[0.558s] Level 1:colcon.colcon_core.package_identification:_identify(log) by extensions ['ignore', 'ignore_ament_install']
[0.559s] Level 1:colcon.colcon_core.package_identification:_identify(log) by extension 'ignore'
[0.559s] Level 1:colcon.colcon_core.package_identification:_identify(log) ignored
[0.559s] Level 1:colcon.colcon_core.package_identification:_identify(my_nav) by extensions ['ignore', 'ignore_ament_install']
[0.559s] Level 1:colcon.colcon_core.package_identification:_identify(my_nav) by extension 'ignore'
[0.559s] Level 1:colcon.colcon_core.package_identification:_identify(my_nav) by extension 'ignore_ament_install'
[0.559s] Level 1:colcon.colcon_core.package_identification:_identify(my_nav) by extensions ['colcon_pkg']
[0.559s] Level 1:colcon.colcon_core.package_identification:_identify(my_nav) by extension 'colcon_pkg'
[0.559s] Level 1:colcon.colcon_core.package_identification:_identify(my_nav) by extensions ['colcon_meta']
[0.559s] Level 1:colcon.colcon_core.package_identification:_identify(my_nav) by extension 'colcon_meta'
[0.559s] Level 1:colcon.colcon_core.package_identification:_identify(my_nav) by extensions ['ros']
[0.559s] Level 1:colcon.colcon_core.package_identification:_identify(my_nav) by extension 'ros'
[0.563s] DEBUG:colcon.colcon_core.package_identification:Package 'my_nav' with type 'ros.ament_python' and name 'my_nav'
[0.563s] Level 1:colcon.colcon_core.package_identification:_identify(pose_sender) by extensions ['ignore', 'ignore_ament_install']
[0.564s] Level 1:colcon.colcon_core.package_identification:_identify(pose_sender) by extension 'ignore'
[0.564s] Level 1:colcon.colcon_core.package_identification:_identify(pose_sender) by extension 'ignore_ament_install'
[0.564s] Level 1:colcon.colcon_core.package_identification:_identify(pose_sender) by extensions ['colcon_pkg']
[0.564s] Level 1:colcon.colcon_core.package_identification:_identify(pose_sender) by extension 'colcon_pkg'
[0.564s] Level 1:colcon.colcon_core.package_identification:_identify(pose_sender) by extensions ['colcon_meta']
[0.564s] Level 1:colcon.colcon_core.package_identification:_identify(pose_sender) by extension 'colcon_meta'
[0.564s] Level 1:colcon.colcon_core.package_identification:_identify(pose_sender) by extensions ['ros']
[0.564s] Level 1:colcon.colcon_core.package_identification:_identify(pose_sender) by extension 'ros'
[0.564s] DEBUG:colcon.colcon_core.package_identification:Package 'pose_sender' with type 'ros.ament_python' and name 'pose_sender'
[0.565s] Level 1:colcon.colcon_core.package_identification:_identify(text_to_directions) by extensions ['ignore', 'ignore_ament_install']
[0.565s] Level 1:colcon.colcon_core.package_identification:_identify(text_to_directions) by extension 'ignore'
[0.565s] Level 1:colcon.colcon_core.package_identification:_identify(text_to_directions) by extension 'ignore_ament_install'
[0.565s] Level 1:colcon.colcon_core.package_identification:_identify(text_to_directions) by extensions ['colcon_pkg']
[0.565s] Level 1:colcon.colcon_core.package_identification:_identify(text_to_directions) by extension 'colcon_pkg'
[0.565s] Level 1:colcon.colcon_core.package_identification:_identify(text_to_directions) by extensions ['colcon_meta']
[0.565s] Level 1:colcon.colcon_core.package_identification:_identify(text_to_directions) by extension 'colcon_meta'
[0.565s] Level 1:colcon.colcon_core.package_identification:_identify(text_to_directions) by extensions ['ros']
[0.565s] Level 1:colcon.colcon_core.package_identification:_identify(text_to_directions) by extension 'ros'
[0.565s] DEBUG:colcon.colcon_core.package_identification:Package 'text_to_directions' with type 'ros.ament_python' and name 'text_to_directions'
[0.566s] Level 1:colcon.colcon_core.package_identification:_identify(trh_msgs) by extensions ['ignore', 'ignore_ament_install']
[0.566s] Level 1:colcon.colcon_core.package_identification:_identify(trh_msgs) by extension 'ignore'
[0.566s] Level 1:colcon.colcon_core.package_identification:_identify(trh_msgs) by extension 'ignore_ament_install'
[0.566s] Level 1:colcon.colcon_core.package_identification:_identify(trh_msgs) by extensions ['colcon_pkg']
[0.566s] Level 1:colcon.colcon_core.package_identification:_identify(trh_msgs) by extension 'colcon_pkg'
[0.566s] Level 1:colcon.colcon_core.package_identification:_identify(trh_msgs) by extensions ['colcon_meta']
[0.566s] Level 1:colcon.colcon_core.package_identification:_identify(trh_msgs) by extension 'colcon_meta'
[0.566s] Level 1:colcon.colcon_core.package_identification:_identify(trh_msgs) by extensions ['ros']
[0.566s] Level 1:colcon.colcon_core.package_identification:_identify(trh_msgs) by extension 'ros'
[0.566s] DEBUG:colcon.colcon_core.package_identification:Package 'trh_msgs' with type 'ros.ament_cmake' and name 'trh_msgs'
[0.567s] Level 1:colcon.colcon_core.package_discovery:discover_packages(recursive) using defaults
[0.567s] Level 1:colcon.colcon_core.package_discovery:discover_packages(ignore) discover
[0.567s] Level 1:colcon.colcon_core.package_discovery:discover_packages(ignore) using defaults
[0.567s] Level 1:colcon.colcon_core.package_discovery:discover_packages(path) discover
[0.567s] Level 1:colcon.colcon_core.package_discovery:discover_packages(path) using defaults
[0.597s] Level 1:colcon.colcon_core.package_discovery:discover_packages(prefix_path) check parameters
[0.597s] Level 1:colcon.colcon_core.package_discovery:discover_packages(prefix_path) discover
[0.601s] DEBUG:colcon.colcon_installed_package_information.package_discovery:Found 27 installed packages in /home/tammerhaddad/ament_ws/install
[0.603s] DEBUG:colcon.colcon_installed_package_information.package_discovery:Found 481 installed packages in /opt/ros/humble
[0.607s] Level 1:colcon.colcon_core.package_discovery:discover_packages(prefix_path) using defaults
[0.682s] Level 5:colcon.colcon_core.verb:set package 'my_nav' build argument 'cmake_args' from command line to 'None'
[0.682s] Level 5:colcon.colcon_core.verb:set package 'my_nav' build argument 'cmake_target' from command line to 'None'
[0.682s] Level 5:colcon.colcon_core.verb:set package 'my_nav' build argument 'cmake_target_skip_unavailable' from command line to 'False'
[0.682s] Level 5:colcon.colcon_core.verb:set package 'my_nav' build argument 'cmake_clean_cache' from command line to 'False'
[0.682s] Level 5:colcon.colcon_core.verb:set package 'my_nav' build argument 'cmake_clean_first' from command line to 'False'
[0.682s] Level 5:colcon.colcon_core.verb:set package 'my_nav' build argument 'cmake_force_configure' from command line to 'False'
[0.682s] Level 5:colcon.colcon_core.verb:set package 'my_nav' build argument 'ament_cmake_args' from command line to 'None'
[0.682s] Level 5:colcon.colcon_core.verb:set package 'my_nav' build argument 'catkin_cmake_args' from command line to 'None'
[0.682s] Level 5:colcon.colcon_core.verb:set package 'my_nav' build argument 'catkin_skip_building_tests' from command line to 'False'
[0.682s] DEBUG:colcon.colcon_core.verb:Building package 'my_nav' with the following arguments: {'ament_cmake_args': None, 'build_base': '/home/tammerhaddad/ament_ws/src/trh_ros/trh_nav/build/my_nav', 'catkin_cmake_args': None, 'catkin_skip_building_tests': False, 'cmake_args': None, 'cmake_clean_cache': False, 'cmake_clean_first': False, 'cmake_force_configure': False, 'cmake_target': None, 'cmake_target_skip_unavailable': False, 'install_base': '/home/tammerhaddad/ament_ws/src/trh_ros/trh_nav/install/my_nav', 'merge_install': False, 'path': '/home/tammerhaddad/ament_ws/src/trh_ros/trh_nav/my_nav', 'symlink_install': False, 'test_result_base': None}
[0.683s] Level 5:colcon.colcon_core.verb:set package 'pose_sender' build argument 'cmake_args' from command line to 'None'
[0.683s] Level 5:colcon.colcon_core.verb:set package 'pose_sender' build argument 'cmake_target' from command line to 'None'
[0.683s] Level 5:colcon.colcon_core.verb:set package 'pose_sender' build argument 'cmake_target_skip_unavailable' from command line to 'False'
[0.683s] Level 5:colcon.colcon_core.verb:set package 'pose_sender' build argument 'cmake_clean_cache' from command line to 'False'
[0.683s] Level 5:colcon.colcon_core.verb:set package 'pose_sender' build argument 'cmake_clean_first' from command line to 'False'
[0.683s] Level 5:colcon.colcon_core.verb:set package 'pose_sender' build argument 'cmake_force_configure' from command line to 'False'
[0.683s] Level 5:colcon.colcon_core.verb:set package 'pose_sender' build argument 'ament_cmake_args' from command line to 'None'
[0.683s] Level 5:colcon.colcon_core.verb:set package 'pose_sender' build argument 'catkin_cmake_args' from command line to 'None'
[0.683s] Level 5:colcon.colcon_core.verb:set package 'pose_sender' build argument 'catkin_skip_building_tests' from command line to 'False'
[0.683s] DEBUG:colcon.colcon_core.verb:Building package 'pose_sender' with the following arguments: {'ament_cmake_args': None, 'build_base': '/home/tammerhaddad/ament_ws/src/trh_ros/trh_nav/build/pose_sender', 'catkin_cmake_args': None, 'catkin_skip_building_tests': False, 'cmake_args': None, 'cmake_clean_cache': False, 'cmake_clean_first': False, 'cmake_force_configure': False, 'cmake_target': None, 'cmake_target_skip_unavailable': False, 'install_base': '/home/tammerhaddad/ament_ws/src/trh_ros/trh_nav/install/pose_sender', 'merge_install': False, 'path': '/home/tammerhaddad/ament_ws/src/trh_ros/trh_nav/pose_sender', 'symlink_install': False, 'test_result_base': None}
[0.684s] Level 5:colcon.colcon_core.verb:set package 'text_to_directions' build argument 'cmake_args' from command line to 'None'
[0.684s] Level 5:colcon.colcon_core.verb:set package 'text_to_directions' build argument 'cmake_target' from command line to 'None'
[0.684s] Level 5:colcon.colcon_core.verb:set package 'text_to_directions' build argument 'cmake_target_skip_unavailable' from command line to 'False'
[0.684s] Level 5:colcon.colcon_core.verb:set package 'text_to_directions' build argument 'cmake_clean_cache' from command line to 'False'
[0.684s] Level 5:colcon.colcon_core.verb:set package 'text_to_directions' build argument 'cmake_clean_first' from command line to 'False'
[0.684s] Level 5:colcon.colcon_core.verb:set package 'text_to_directions' build argument 'cmake_force_configure' from command line to 'False'
[0.684s] Level 5:colcon.colcon_core.verb:set package 'text_to_directions' build argument 'ament_cmake_args' from command line to 'None'
[0.684s] Level 5:colcon.colcon_core.verb:set package 'text_to_directions' build argument 'catkin_cmake_args' from command line to 'None'
[0.684s] Level 5:colcon.colcon_core.verb:set package 'text_to_directions' build argument 'catkin_skip_building_tests' from command line to 'False'
[0.684s] DEBUG:colcon.colcon_core.verb:Building package 'text_to_directions' with the following arguments: {'ament_cmake_args': None, 'build_base': '/home/tammerhaddad/ament_ws/src/trh_ros/trh_nav/build/text_to_directions', 'catkin_cmake_args': None, 'catkin_skip_building_tests': False, 'cmake_args': None, 'cmake_clean_cache': False, 'cmake_clean_first': False, 'cmake_force_configure': False, 'cmake_target': None, 'cmake_target_skip_unavailable': False, 'install_base': '/home/tammerhaddad/ament_ws/src/trh_ros/trh_nav/install/text_to_directions', 'merge_install': False, 'path': '/home/tammerhaddad/ament_ws/src/trh_ros/trh_nav/text_to_directions', 'symlink_install': False, 'test_result_base': None}
[0.684s] Level 5:colcon.colcon_core.verb:set package 'trh_msgs' build argument 'cmake_args' from command line to 'None'
[0.684s] Level 5:colcon.colcon_core.verb:set package 'trh_msgs' build argument 'cmake_target' from command line to 'None'
[0.685s] Level 5:colcon.colcon_core.verb:set package 'trh_msgs' build argument 'cmake_target_skip_unavailable' from command line to 'False'
[0.685s] Level 5:colcon.colcon_core.verb:set package 'trh_msgs' build argument 'cmake_clean_cache' from command line to 'False'
[0.685s] Level 5:colcon.colcon_core.verb:set package 'trh_msgs' build argument 'cmake_clean_first' from command line to 'False'
[0.685s] Level 5:colcon.colcon_core.verb:set package 'trh_msgs' build argument 'cmake_force_configure' from command line to 'False'
[0.685s] Level 5:colcon.colcon_core.verb:set package 'trh_msgs' build argument 'ament_cmake_args' from command line to 'None'
[0.685s] Level 5:colcon.colcon_core.verb:set package 'trh_msgs' build argument 'catkin_cmake_args' from command line to 'None'
[0.685s] Level 5:colcon.colcon_core.verb:set package 'trh_msgs' build argument 'catkin_skip_building_tests' from command line to 'False'
[0.685s] DEBUG:colcon.colcon_core.verb:Building package 'trh_msgs' with the following arguments: {'ament_cmake_args': None, 'build_base': '/home/tammerhaddad/ament_ws/src/trh_ros/trh_nav/build/trh_msgs', 'catkin_cmake_args': None, 'catkin_skip_building_tests': False, 'cmake_args': None, 'cmake_clean_cache': False, 'cmake_clean_first': False, 'cmake_force_configure': False, 'cmake_target': None, 'cmake_target_skip_unavailable': False, 'install_base': '/home/tammerhaddad/ament_ws/src/trh_ros/trh_nav/install/trh_msgs', 'merge_install': False, 'path': '/home/tammerhaddad/ament_ws/src/trh_ros/trh_nav/trh_msgs', 'symlink_install': False, 'test_result_base': None}
[0.685s] INFO:colcon.colcon_core.executor:Executing jobs using 'parallel' executor
[0.686s] DEBUG:colcon.colcon_parallel_executor.executor.parallel:run_until_complete
[0.686s] INFO:colcon.colcon_ros.task.ament_python.build:Building ROS package in '/home/tammerhaddad/ament_ws/src/trh_ros/trh_nav/my_nav' with build type 'ament_python'
[0.686s] Level 1:colcon.colcon_core.shell:create_environment_hook('my_nav', 'ament_prefix_path')
[0.689s] INFO:colcon.colcon_core.plugin_system:Skipping extension 'colcon_core.shell.bat': Not used on non-Windows systems
[0.689s] INFO:colcon.colcon_core.shell:Creating environment hook '/home/tammerhaddad/ament_ws/src/trh_ros/trh_nav/install/my_nav/share/my_nav/hook/ament_prefix_path.ps1'
[0.690s] INFO:colcon.colcon_core.shell:Creating environment descriptor '/home/tammerhaddad/ament_ws/src/trh_ros/trh_nav/install/my_nav/share/my_nav/hook/ament_prefix_path.dsv'
[0.691s] INFO:colcon.colcon_core.shell:Creating environment hook '/home/tammerhaddad/ament_ws/src/trh_ros/trh_nav/install/my_nav/share/my_nav/hook/ament_prefix_path.sh'
[0.692s] INFO:colcon.colcon_core.shell:Skip shell extension 'powershell' for command environment: Not usable outside of PowerShell
[0.692s] DEBUG:colcon.colcon_core.shell:Skip shell extension 'dsv' for command environment
[0.700s] INFO:colcon.colcon_ros.task.ament_python.build:Building ROS package in '/home/tammerhaddad/ament_ws/src/trh_ros/trh_nav/pose_sender' with build type 'ament_python'
[0.701s] Level 1:colcon.colcon_core.shell:create_environment_hook('pose_sender', 'ament_prefix_path')
[0.702s] INFO:colcon.colcon_core.shell:Creating environment hook '/home/tammerhaddad/ament_ws/src/trh_ros/trh_nav/install/pose_sender/share/pose_sender/hook/ament_prefix_path.ps1'
[0.702s] INFO:colcon.colcon_core.shell:Creating environment descriptor '/home/tammerhaddad/ament_ws/src/trh_ros/trh_nav/install/pose_sender/share/pose_sender/hook/ament_prefix_path.dsv'
[0.703s] INFO:colcon.colcon_core.shell:Creating environment hook '/home/tammerhaddad/ament_ws/src/trh_ros/trh_nav/install/pose_sender/share/pose_sender/hook/ament_prefix_path.sh'
[0.704s] INFO:colcon.colcon_core.shell:Skip shell extension 'powershell' for command environment: Not usable outside of PowerShell
[0.704s] DEBUG:colcon.colcon_core.shell:Skip shell extension 'dsv' for command environment
[0.715s] INFO:colcon.colcon_ros.task.ament_python.build:Building ROS package in '/home/tammerhaddad/ament_ws/src/trh_ros/trh_nav/text_to_directions' with build type 'ament_python'
[0.715s] Level 1:colcon.colcon_core.shell:create_environment_hook('text_to_directions', 'ament_prefix_path')
[0.716s] INFO:colcon.colcon_core.shell:Creating environment hook '/home/tammerhaddad/ament_ws/src/trh_ros/trh_nav/install/text_to_directions/share/text_to_directions/hook/ament_prefix_path.ps1'
[0.717s] INFO:colcon.colcon_core.shell:Creating environment descriptor '/home/tammerhaddad/ament_ws/src/trh_ros/trh_nav/install/text_to_directions/share/text_to_directions/hook/ament_prefix_path.dsv'
[0.717s] INFO:colcon.colcon_core.shell:Creating environment hook '/home/tammerhaddad/ament_ws/src/trh_ros/trh_nav/install/text_to_directions/share/text_to_directions/hook/ament_prefix_path.sh'
[0.718s] INFO:colcon.colcon_core.shell:Skip shell extension 'powershell' for command environment: Not usable outside of PowerShell
[0.719s] DEBUG:colcon.colcon_core.shell:Skip shell extension 'dsv' for command environment
[0.728s] INFO:colcon.colcon_ros.task.ament_cmake.build:Building ROS package in '/home/tammerhaddad/ament_ws/src/trh_ros/trh_nav/trh_msgs' with build type 'ament_cmake'
[0.728s] INFO:colcon.colcon_cmake.task.cmake.build:Building CMake package in '/home/tammerhaddad/ament_ws/src/trh_ros/trh_nav/trh_msgs'
[0.729s] INFO:colcon.colcon_core.shell:Skip shell extension 'powershell' for command environment: Not usable outside of PowerShell
[0.729s] DEBUG:colcon.colcon_core.shell:Skip shell extension 'dsv' for command environment
[1.455s] INFO:colcon.colcon_core.task.python.build:Building Python package in '/home/tammerhaddad/ament_ws/src/trh_ros/trh_nav/my_nav'
[1.456s] INFO:colcon.colcon_core.shell:Skip shell extension 'powershell' for command environment: Not usable outside of PowerShell
[1.456s] DEBUG:colcon.colcon_core.shell:Skip shell extension 'dsv' for command environment
[1.984s] INFO:colcon.colcon_core.task.python.build:Building Python package in '/home/tammerhaddad/ament_ws/src/trh_ros/trh_nav/pose_sender'
[1.984s] INFO:colcon.colcon_core.shell:Skip shell extension 'powershell' for command environment: Not usable outside of PowerShell
[1.984s] DEBUG:colcon.colcon_core.shell:Skip shell extension 'dsv' for command environment
[2.524s] INFO:colcon.colcon_core.task.python.build:Building Python package in '/home/tammerhaddad/ament_ws/src/trh_ros/trh_nav/text_to_directions'
[2.524s] INFO:colcon.colcon_core.shell:Skip shell extension 'powershell' for command environment: Not usable outside of PowerShell
[2.524s] DEBUG:colcon.colcon_core.shell:Skip shell extension 'dsv' for command environment
[2.537s] DEBUG:colcon.colcon_core.event_handler.log_command:Invoking command in '/home/tammerhaddad/ament_ws/src/trh_ros/trh_nav/build/trh_msgs': CMAKE_PREFIX_PATH=${CMAKE_PREFIX_PATH}:/home/tammerhaddad/ament_ws/install/stretch_demos:/home/tammerhaddad/ament_ws/install/stretch_deep_perception:/home/tammerhaddad/ament_ws/install/stretch_core:/home/tammerhaddad/ament_ws/install/pose_sender:/home/tammerhaddad/ament_ws/install/my_nav:/home/tammerhaddad/ament_ws/install/hello_helpers:/opt/ros/humble /usr/bin/cmake /home/tammerhaddad/ament_ws/src/trh_ros/trh_nav/trh_msgs -DCMAKE_INSTALL_PREFIX=/home/tammerhaddad/ament_ws/src/trh_ros/trh_nav/install/trh_msgs
[3.423s] DEBUG:colcon.colcon_core.event_handler.log_command:Invoking command in '/home/tammerhaddad/ament_ws/src/trh_ros/trh_nav/pose_sender': PYTHONPATH=/home/tammerhaddad/ament_ws/src/trh_ros/trh_nav/build/pose_sender/prefix_override:/usr/lib/python3/dist-packages/colcon_core/task/python/colcon_distutils_commands:/home/tammerhaddad/ament_ws/src/trh_ros/trh_nav/install/pose_sender/lib/python3.10/site-packages:${PYTHONPATH} /usr/bin/python3 -W ignore:setup.py install is deprecated -W ignore:easy_install command is deprecated setup.py egg_info --egg-base ../build/pose_sender build --build-base /home/tammerhaddad/ament_ws/src/trh_ros/trh_nav/build/pose_sender/build install --record /home/tammerhaddad/ament_ws/src/trh_ros/trh_nav/build/pose_sender/install.log --single-version-externally-managed install_data
[3.446s] DEBUG:colcon.colcon_core.event_handler.log_command:Invoking command in '/home/tammerhaddad/ament_ws/src/trh_ros/trh_nav/text_to_directions': PYTHONPATH=/home/tammerhaddad/ament_ws/src/trh_ros/trh_nav/build/text_to_directions/prefix_override:/usr/lib/python3/dist-packages/colcon_core/task/python/colcon_distutils_commands:/home/tammerhaddad/ament_ws/src/trh_ros/trh_nav/install/text_to_directions/lib/python3.10/site-packages:${PYTHONPATH} /usr/bin/python3 -W ignore:setup.py install is deprecated -W ignore:easy_install command is deprecated setup.py egg_info --egg-base ../build/text_to_directions build --build-base /home/tammerhaddad/ament_ws/src/trh_ros/trh_nav/build/text_to_directions/build install --record /home/tammerhaddad/ament_ws/src/trh_ros/trh_nav/build/text_to_directions/install.log --single-version-externally-managed install_data
[3.456s] DEBUG:colcon.colcon_core.event_handler.log_command:Invoking command in '/home/tammerhaddad/ament_ws/src/trh_ros/trh_nav/my_nav': PYTHONPATH=/home/tammerhaddad/ament_ws/src/trh_ros/trh_nav/build/my_nav/prefix_override:/usr/lib/python3/dist-packages/colcon_core/task/python/colcon_distutils_commands:/home/tammerhaddad/ament_ws/src/trh_ros/trh_nav/install/my_nav/lib/python3.10/site-packages:${PYTHONPATH} /usr/bin/python3 -W ignore:setup.py install is deprecated -W ignore:easy_install command is deprecated setup.py egg_info --egg-base ../build/my_nav build --build-base /home/tammerhaddad/ament_ws/src/trh_ros/trh_nav/build/my_nav/build install --record /home/tammerhaddad/ament_ws/src/trh_ros/trh_nav/build/my_nav/install.log --single-version-externally-managed install_data
[4.004s] DEBUG:colcon.colcon_core.event_handler.log_command:Invoked command in '/home/tammerhaddad/ament_ws/src/trh_ros/trh_nav/build/trh_msgs' returned '0': CMAKE_PREFIX_PATH=${CMAKE_PREFIX_PATH}:/home/tammerhaddad/ament_ws/install/stretch_demos:/home/tammerhaddad/ament_ws/install/stretch_deep_perception:/home/tammerhaddad/ament_ws/install/stretch_core:/home/tammerhaddad/ament_ws/install/pose_sender:/home/tammerhaddad/ament_ws/install/my_nav:/home/tammerhaddad/ament_ws/install/hello_helpers:/opt/ros/humble /usr/bin/cmake /home/tammerhaddad/ament_ws/src/trh_ros/trh_nav/trh_msgs -DCMAKE_INSTALL_PREFIX=/home/tammerhaddad/ament_ws/src/trh_ros/trh_nav/install/trh_msgs
[4.007s] DEBUG:colcon.colcon_core.event_handler.log_command:Invoking command in '/home/tammerhaddad/ament_ws/src/trh_ros/trh_nav/build/trh_msgs': CMAKE_PREFIX_PATH=${CMAKE_PREFIX_PATH}:/home/tammerhaddad/ament_ws/install/stretch_demos:/home/tammerhaddad/ament_ws/install/stretch_deep_perception:/home/tammerhaddad/ament_ws/install/stretch_core:/home/tammerhaddad/ament_ws/install/pose_sender:/home/tammerhaddad/ament_ws/install/my_nav:/home/tammerhaddad/ament_ws/install/hello_helpers:/opt/ros/humble /usr/bin/cmake --build /home/tammerhaddad/ament_ws/src/trh_ros/trh_nav/build/trh_msgs -- -j8 -l8
[4.065s] DEBUG:colcon.colcon_core.event_handler.log_command:Invoked command in '/home/tammerhaddad/ament_ws/src/trh_ros/trh_nav/build/trh_msgs' returned '0': CMAKE_PREFIX_PATH=${CMAKE_PREFIX_PATH}:/home/tammerhaddad/ament_ws/install/stretch_demos:/home/tammerhaddad/ament_ws/install/stretch_deep_perception:/home/tammerhaddad/ament_ws/install/stretch_core:/home/tammerhaddad/ament_ws/install/pose_sender:/home/tammerhaddad/ament_ws/install/my_nav:/home/tammerhaddad/ament_ws/install/hello_helpers:/opt/ros/humble /usr/bin/cmake --build /home/tammerhaddad/ament_ws/src/trh_ros/trh_nav/build/trh_msgs -- -j8 -l8
[4.082s] DEBUG:colcon.colcon_core.event_handler.log_command:Invoking command in '/home/tammerhaddad/ament_ws/src/trh_ros/trh_nav/build/trh_msgs': CMAKE_PREFIX_PATH=${CMAKE_PREFIX_PATH}:/home/tammerhaddad/ament_ws/install/stretch_demos:/home/tammerhaddad/ament_ws/install/stretch_deep_perception:/home/tammerhaddad/ament_ws/install/stretch_core:/home/tammerhaddad/ament_ws/install/pose_sender:/home/tammerhaddad/ament_ws/install/my_nav:/home/tammerhaddad/ament_ws/install/hello_helpers:/opt/ros/humble /usr/bin/cmake --install /home/tammerhaddad/ament_ws/src/trh_ros/trh_nav/build/trh_msgs
[4.099s] Level 1:colcon.colcon_core.environment:create_environment_scripts_only(trh_msgs)
[4.101s] DEBUG:colcon.colcon_core.event_handler.log_command:Invoked command in '/home/tammerhaddad/ament_ws/src/trh_ros/trh_nav/build/trh_msgs' returned '0': CMAKE_PREFIX_PATH=${CMAKE_PREFIX_PATH}:/home/tammerhaddad/ament_ws/install/stretch_demos:/home/tammerhaddad/ament_ws/install/stretch_deep_perception:/home/tammerhaddad/ament_ws/install/stretch_core:/home/tammerhaddad/ament_ws/install/pose_sender:/home/tammerhaddad/ament_ws/install/my_nav:/home/tammerhaddad/ament_ws/install/hello_helpers:/opt/ros/humble /usr/bin/cmake --install /home/tammerhaddad/ament_ws/src/trh_ros/trh_nav/build/trh_msgs
[4.107s] Level 1:colcon.colcon_core.environment:checking '/home/tammerhaddad/ament_ws/src/trh_ros/trh_nav/install/trh_msgs' for CMake module files
[4.108s] Level 1:colcon.colcon_core.environment:checking '/home/tammerhaddad/ament_ws/src/trh_ros/trh_nav/install/trh_msgs' for CMake config files
[4.108s] Level 1:colcon.colcon_core.shell:create_environment_hook('trh_msgs', 'cmake_prefix_path')
[4.109s] INFO:colcon.colcon_core.shell:Creating environment hook '/home/tammerhaddad/ament_ws/src/trh_ros/trh_nav/install/trh_msgs/share/trh_msgs/hook/cmake_prefix_path.ps1'
[4.109s] INFO:colcon.colcon_core.shell:Creating environment descriptor '/home/tammerhaddad/ament_ws/src/trh_ros/trh_nav/install/trh_msgs/share/trh_msgs/hook/cmake_prefix_path.dsv'
[4.110s] INFO:colcon.colcon_core.shell:Creating environment hook '/home/tammerhaddad/ament_ws/src/trh_ros/trh_nav/install/trh_msgs/share/trh_msgs/hook/cmake_prefix_path.sh'
[4.111s] Level 1:colcon.colcon_core.environment:checking '/home/tammerhaddad/ament_ws/src/trh_ros/trh_nav/install/trh_msgs/bin'
[4.111s] Level 1:colcon.colcon_core.environment:checking '/home/tammerhaddad/ament_ws/src/trh_ros/trh_nav/install/trh_msgs/lib/pkgconfig/trh_msgs.pc'
[4.111s] Level 1:colcon.colcon_core.environment:checking '/home/tammerhaddad/ament_ws/src/trh_ros/trh_nav/install/trh_msgs/lib/python3.10/site-packages'
[4.112s] Level 1:colcon.colcon_core.environment:checking '/home/tammerhaddad/ament_ws/src/trh_ros/trh_nav/install/trh_msgs/bin'
[4.112s] INFO:colcon.colcon_core.shell:Creating package script '/home/tammerhaddad/ament_ws/src/trh_ros/trh_nav/install/trh_msgs/share/trh_msgs/package.ps1'
[4.114s] INFO:colcon.colcon_core.shell:Creating package descriptor '/home/tammerhaddad/ament_ws/src/trh_ros/trh_nav/install/trh_msgs/share/trh_msgs/package.dsv'
[4.115s] INFO:colcon.colcon_core.shell:Creating package script '/home/tammerhaddad/ament_ws/src/trh_ros/trh_nav/install/trh_msgs/share/trh_msgs/package.sh'
[4.116s] INFO:colcon.colcon_core.shell:Creating package script '/home/tammerhaddad/ament_ws/src/trh_ros/trh_nav/install/trh_msgs/share/trh_msgs/package.bash'
[4.119s] INFO:colcon.colcon_core.shell:Creating package script '/home/tammerhaddad/ament_ws/src/trh_ros/trh_nav/install/trh_msgs/share/trh_msgs/package.zsh'
[4.120s] Level 1:colcon.colcon_core.environment:create_file_with_runtime_dependencies(/home/tammerhaddad/ament_ws/src/trh_ros/trh_nav/install/trh_msgs/share/colcon-core/packages/trh_msgs)
[4.121s] Level 1:colcon.colcon_core.environment:create_environment_scripts_only(trh_msgs)
[4.122s] Level 1:colcon.colcon_core.environment:checking '/home/tammerhaddad/ament_ws/src/trh_ros/trh_nav/install/trh_msgs' for CMake module files
[4.123s] Level 1:colcon.colcon_core.environment:checking '/home/tammerhaddad/ament_ws/src/trh_ros/trh_nav/install/trh_msgs' for CMake config files
[4.123s] Level 1:colcon.colcon_core.shell:create_environment_hook('trh_msgs', 'cmake_prefix_path')
[4.124s] INFO:colcon.colcon_core.shell:Creating environment hook '/home/tammerhaddad/ament_ws/src/trh_ros/trh_nav/install/trh_msgs/share/trh_msgs/hook/cmake_prefix_path.ps1'
[4.124s] INFO:colcon.colcon_core.shell:Creating environment descriptor '/home/tammerhaddad/ament_ws/src/trh_ros/trh_nav/install/trh_msgs/share/trh_msgs/hook/cmake_prefix_path.dsv'
[4.125s] INFO:colcon.colcon_core.shell:Creating environment hook '/home/tammerhaddad/ament_ws/src/trh_ros/trh_nav/install/trh_msgs/share/trh_msgs/hook/cmake_prefix_path.sh'
[4.126s] Level 1:colcon.colcon_core.environment:checking '/home/tammerhaddad/ament_ws/src/trh_ros/trh_nav/install/trh_msgs/bin'
[4.126s] Level 1:colcon.colcon_core.environment:checking '/home/tammerhaddad/ament_ws/src/trh_ros/trh_nav/install/trh_msgs/lib/pkgconfig/trh_msgs.pc'
[4.126s] Level 1:colcon.colcon_core.environment:checking '/home/tammerhaddad/ament_ws/src/trh_ros/trh_nav/install/trh_msgs/lib/python3.10/site-packages'
[4.127s] Level 1:colcon.colcon_core.environment:checking '/home/tammerhaddad/ament_ws/src/trh_ros/trh_nav/install/trh_msgs/bin'
[4.127s] INFO:colcon.colcon_core.shell:Creating package script '/home/tammerhaddad/ament_ws/src/trh_ros/trh_nav/install/trh_msgs/share/trh_msgs/package.ps1'
[4.128s] INFO:colcon.colcon_core.shell:Creating package descriptor '/home/tammerhaddad/ament_ws/src/trh_ros/trh_nav/install/trh_msgs/share/trh_msgs/package.dsv'
[4.130s] INFO:colcon.colcon_core.shell:Creating package script '/home/tammerhaddad/ament_ws/src/trh_ros/trh_nav/install/trh_msgs/share/trh_msgs/package.sh'
[4.131s] INFO:colcon.colcon_core.shell:Creating package script '/home/tammerhaddad/ament_ws/src/trh_ros/trh_nav/install/trh_msgs/share/trh_msgs/package.bash'
[4.132s] INFO:colcon.colcon_core.shell:Creating package script '/home/tammerhaddad/ament_ws/src/trh_ros/trh_nav/install/trh_msgs/share/trh_msgs/package.zsh'
[4.132s] Level 1:colcon.colcon_core.environment:create_file_with_runtime_dependencies(/home/tammerhaddad/ament_ws/src/trh_ros/trh_nav/install/trh_msgs/share/colcon-core/packages/trh_msgs)
[4.137s] Level 1:colcon.colcon_core.environment:checking '/home/tammerhaddad/ament_ws/src/trh_ros/trh_nav/install/my_nav' for CMake module files
[4.140s] DEBUG:colcon.colcon_core.event_handler.log_command:Invoked command in '/home/tammerhaddad/ament_ws/src/trh_ros/trh_nav/my_nav' returned '0': PYTHONPATH=/home/tammerhaddad/ament_ws/src/trh_ros/trh_nav/build/my_nav/prefix_override:/usr/lib/python3/dist-packages/colcon_core/task/python/colcon_distutils_commands:/home/tammerhaddad/ament_ws/src/trh_ros/trh_nav/install/my_nav/lib/python3.10/site-packages:${PYTHONPATH} /usr/bin/python3 -W ignore:setup.py install is deprecated -W ignore:easy_install command is deprecated setup.py egg_info --egg-base ../build/my_nav build --build-base /home/tammerhaddad/ament_ws/src/trh_ros/trh_nav/build/my_nav/build install --record /home/tammerhaddad/ament_ws/src/trh_ros/trh_nav/build/my_nav/install.log --single-version-externally-managed install_data
[4.142s] Level 1:colcon.colcon_core.environment:checking '/home/tammerhaddad/ament_ws/src/trh_ros/trh_nav/install/my_nav' for CMake config files
[4.142s] Level 1:colcon.colcon_core.environment:checking '/home/tammerhaddad/ament_ws/src/trh_ros/trh_nav/install/my_nav/lib'
[4.142s] Level 1:colcon.colcon_core.environment:checking '/home/tammerhaddad/ament_ws/src/trh_ros/trh_nav/install/my_nav/bin'
[4.142s] Level 1:colcon.colcon_core.environment:checking '/home/tammerhaddad/ament_ws/src/trh_ros/trh_nav/install/my_nav/lib/pkgconfig/my_nav.pc'
[4.143s] Level 1:colcon.colcon_core.environment:checking '/home/tammerhaddad/ament_ws/src/trh_ros/trh_nav/install/my_nav/lib/python3.10/site-packages'
[4.143s] Level 1:colcon.colcon_core.shell:create_environment_hook('my_nav', 'pythonpath')
[4.143s] INFO:colcon.colcon_core.shell:Creating environment hook '/home/tammerhaddad/ament_ws/src/trh_ros/trh_nav/install/my_nav/share/my_nav/hook/pythonpath.ps1'
[4.145s] INFO:colcon.colcon_core.shell:Creating environment descriptor '/home/tammerhaddad/ament_ws/src/trh_ros/trh_nav/install/my_nav/share/my_nav/hook/pythonpath.dsv'
[4.146s] INFO:colcon.colcon_core.shell:Creating environment hook '/home/tammerhaddad/ament_ws/src/trh_ros/trh_nav/install/my_nav/share/my_nav/hook/pythonpath.sh'
[4.146s] Level 1:colcon.colcon_core.environment:checking '/home/tammerhaddad/ament_ws/src/trh_ros/trh_nav/install/my_nav/bin'
[4.146s] Level 1:colcon.colcon_core.environment:create_environment_scripts_only(my_nav)
[4.147s] INFO:colcon.colcon_core.shell:Creating package script '/home/tammerhaddad/ament_ws/src/trh_ros/trh_nav/install/my_nav/share/my_nav/package.ps1'
[4.147s] INFO:colcon.colcon_core.shell:Creating package descriptor '/home/tammerhaddad/ament_ws/src/trh_ros/trh_nav/install/my_nav/share/my_nav/package.dsv'
[4.148s] INFO:colcon.colcon_core.shell:Creating package script '/home/tammerhaddad/ament_ws/src/trh_ros/trh_nav/install/my_nav/share/my_nav/package.sh'
[4.148s] INFO:colcon.colcon_core.shell:Creating package script '/home/tammerhaddad/ament_ws/src/trh_ros/trh_nav/install/my_nav/share/my_nav/package.bash'
[4.149s] INFO:colcon.colcon_core.shell:Creating package script '/home/tammerhaddad/ament_ws/src/trh_ros/trh_nav/install/my_nav/share/my_nav/package.zsh'
[4.149s] Level 1:colcon.colcon_core.environment:create_file_with_runtime_dependencies(/home/tammerhaddad/ament_ws/src/trh_ros/trh_nav/install/my_nav/share/colcon-core/packages/my_nav)
[4.152s] Level 1:colcon.colcon_core.environment:checking '/home/tammerhaddad/ament_ws/src/trh_ros/trh_nav/install/pose_sender' for CMake module files
[4.154s] DEBUG:colcon.colcon_core.event_handler.log_command:Invoked command in '/home/tammerhaddad/ament_ws/src/trh_ros/trh_nav/pose_sender' returned '0': PYTHONPATH=/home/tammerhaddad/ament_ws/src/trh_ros/trh_nav/build/pose_sender/prefix_override:/usr/lib/python3/dist-packages/colcon_core/task/python/colcon_distutils_commands:/home/tammerhaddad/ament_ws/src/trh_ros/trh_nav/install/pose_sender/lib/python3.10/site-packages:${PYTHONPATH} /usr/bin/python3 -W ignore:setup.py install is deprecated -W ignore:easy_install command is deprecated setup.py egg_info --egg-base ../build/pose_sender build --build-base /home/tammerhaddad/ament_ws/src/trh_ros/trh_nav/build/pose_sender/build install --record /home/tammerhaddad/ament_ws/src/trh_ros/trh_nav/build/pose_sender/install.log --single-version-externally-managed install_data
[4.155s] Level 1:colcon.colcon_core.environment:checking '/home/tammerhaddad/ament_ws/src/trh_ros/trh_nav/install/pose_sender' for CMake config files
[4.155s] Level 1:colcon.colcon_core.environment:checking '/home/tammerhaddad/ament_ws/src/trh_ros/trh_nav/install/pose_sender/lib'
[4.155s] Level 1:colcon.colcon_core.environment:checking '/home/tammerhaddad/ament_ws/src/trh_ros/trh_nav/install/pose_sender/bin'
[4.155s] Level 1:colcon.colcon_core.environment:checking '/home/tammerhaddad/ament_ws/src/trh_ros/trh_nav/install/pose_sender/lib/pkgconfig/pose_sender.pc'
[4.156s] Level 1:colcon.colcon_core.environment:checking '/home/tammerhaddad/ament_ws/src/trh_ros/trh_nav/install/pose_sender/lib/python3.10/site-packages'
[4.156s] Level 1:colcon.colcon_core.shell:create_environment_hook('pose_sender', 'pythonpath')
[4.156s] INFO:colcon.colcon_core.shell:Creating environment hook '/home/tammerhaddad/ament_ws/src/trh_ros/trh_nav/install/pose_sender/share/pose_sender/hook/pythonpath.ps1'
[4.157s] INFO:colcon.colcon_core.shell:Creating environment descriptor '/home/tammerhaddad/ament_ws/src/trh_ros/trh_nav/install/pose_sender/share/pose_sender/hook/pythonpath.dsv'
[4.157s] INFO:colcon.colcon_core.shell:Creating environment hook '/home/tammerhaddad/ament_ws/src/trh_ros/trh_nav/install/pose_sender/share/pose_sender/hook/pythonpath.sh'
[4.158s] Level 1:colcon.colcon_core.environment:checking '/home/tammerhaddad/ament_ws/src/trh_ros/trh_nav/install/pose_sender/bin'
[4.158s] Level 1:colcon.colcon_core.environment:create_environment_scripts_only(pose_sender)
[4.158s] INFO:colcon.colcon_core.shell:Creating package script '/home/tammerhaddad/ament_ws/src/trh_ros/trh_nav/install/pose_sender/share/pose_sender/package.ps1'
[4.159s] INFO:colcon.colcon_core.shell:Creating package descriptor '/home/tammerhaddad/ament_ws/src/trh_ros/trh_nav/install/pose_sender/share/pose_sender/package.dsv'
[4.159s] INFO:colcon.colcon_core.shell:Creating package script '/home/tammerhaddad/ament_ws/src/trh_ros/trh_nav/install/pose_sender/share/pose_sender/package.sh'
[4.160s] INFO:colcon.colcon_core.shell:Creating package script '/home/tammerhaddad/ament_ws/src/trh_ros/trh_nav/install/pose_sender/share/pose_sender/package.bash'
[4.161s] INFO:colcon.colcon_core.shell:Creating package script '/home/tammerhaddad/ament_ws/src/trh_ros/trh_nav/install/pose_sender/share/pose_sender/package.zsh'
[4.161s] Level 1:colcon.colcon_core.environment:create_file_with_runtime_dependencies(/home/tammerhaddad/ament_ws/src/trh_ros/trh_nav/install/pose_sender/share/colcon-core/packages/pose_sender)
[4.244s] Level 1:colcon.colcon_core.environment:checking '/home/tammerhaddad/ament_ws/src/trh_ros/trh_nav/install/text_to_directions' for CMake module files
[4.245s] DEBUG:colcon.colcon_core.event_handler.log_command:Invoked command in '/home/tammerhaddad/ament_ws/src/trh_ros/trh_nav/text_to_directions' returned '0': PYTHONPATH=/home/tammerhaddad/ament_ws/src/trh_ros/trh_nav/build/text_to_directions/prefix_override:/usr/lib/python3/dist-packages/colcon_core/task/python/colcon_distutils_commands:/home/tammerhaddad/ament_ws/src/trh_ros/trh_nav/install/text_to_directions/lib/python3.10/site-packages:${PYTHONPATH} /usr/bin/python3 -W ignore:setup.py install is deprecated -W ignore:easy_install command is deprecated setup.py egg_info --egg-base ../build/text_to_directions build --build-base /home/tammerhaddad/ament_ws/src/trh_ros/trh_nav/build/text_to_directions/build install --record /home/tammerhaddad/ament_ws/src/trh_ros/trh_nav/build/text_to_directions/install.log --single-version-externally-managed install_data
[4.245s] Level 1:colcon.colcon_core.environment:checking '/home/tammerhaddad/ament_ws/src/trh_ros/trh_nav/install/text_to_directions' for CMake config files
[4.245s] Level 1:colcon.colcon_core.environment:checking '/home/tammerhaddad/ament_ws/src/trh_ros/trh_nav/install/text_to_directions/lib'
[4.245s] Level 1:colcon.colcon_core.environment:checking '/home/tammerhaddad/ament_ws/src/trh_ros/trh_nav/install/text_to_directions/bin'
[4.245s] Level 1:colcon.colcon_core.environment:checking '/home/tammerhaddad/ament_ws/src/trh_ros/trh_nav/install/text_to_directions/lib/pkgconfig/text_to_directions.pc'
[4.246s] Level 1:colcon.colcon_core.environment:checking '/home/tammerhaddad/ament_ws/src/trh_ros/trh_nav/install/text_to_directions/lib/python3.10/site-packages'
[4.246s] Level 1:colcon.colcon_core.shell:create_environment_hook('text_to_directions', 'pythonpath')
[4.246s] INFO:colcon.colcon_core.shell:Creating environment hook '/home/tammerhaddad/ament_ws/src/trh_ros/trh_nav/install/text_to_directions/share/text_to_directions/hook/pythonpath.ps1'
[4.246s] INFO:colcon.colcon_core.shell:Creating environment descriptor '/home/tammerhaddad/ament_ws/src/trh_ros/trh_nav/install/text_to_directions/share/text_to_directions/hook/pythonpath.dsv'
[4.247s] INFO:colcon.colcon_core.shell:Creating environment hook '/home/tammerhaddad/ament_ws/src/trh_ros/trh_nav/install/text_to_directions/share/text_to_directions/hook/pythonpath.sh'
[4.248s] Level 1:colcon.colcon_core.environment:checking '/home/tammerhaddad/ament_ws/src/trh_ros/trh_nav/install/text_to_directions/bin'
[4.248s] Level 1:colcon.colcon_core.environment:create_environment_scripts_only(text_to_directions)
[4.248s] INFO:colcon.colcon_core.shell:Creating package script '/home/tammerhaddad/ament_ws/src/trh_ros/trh_nav/install/text_to_directions/share/text_to_directions/package.ps1'
[4.249s] INFO:colcon.colcon_core.shell:Creating package descriptor '/home/tammerhaddad/ament_ws/src/trh_ros/trh_nav/install/text_to_directions/share/text_to_directions/package.dsv'
[4.249s] INFO:colcon.colcon_core.shell:Creating package script '/home/tammerhaddad/ament_ws/src/trh_ros/trh_nav/install/text_to_directions/share/text_to_directions/package.sh'
[4.250s] INFO:colcon.colcon_core.shell:Creating package script '/home/tammerhaddad/ament_ws/src/trh_ros/trh_nav/install/text_to_directions/share/text_to_directions/package.bash'
[4.251s] INFO:colcon.colcon_core.shell:Creating package script '/home/tammerhaddad/ament_ws/src/trh_ros/trh_nav/install/text_to_directions/share/text_to_directions/package.zsh'
[4.252s] Level 1:colcon.colcon_core.environment:create_file_with_runtime_dependencies(/home/tammerhaddad/ament_ws/src/trh_ros/trh_nav/install/text_to_directions/share/colcon-core/packages/text_to_directions)
[4.253s] DEBUG:colcon.colcon_parallel_executor.executor.parallel:closing loop
[4.253s] DEBUG:colcon.colcon_parallel_executor.executor.parallel:loop closed
[4.254s] DEBUG:colcon.colcon_parallel_executor.executor.parallel:run_until_complete finished with '0'
[4.254s] DEBUG:colcon.colcon_core.event_reactor:joining thread
[4.262s] INFO:colcon.colcon_core.plugin_system:Skipping extension 'colcon_notification.desktop_notification.terminal_notifier': Not used on non-Darwin systems
[4.262s] INFO:colcon.colcon_core.plugin_system:Skipping extension 'colcon_notification.desktop_notification.win32': Not used on non-Windows systems
[4.262s] INFO:colcon.colcon_notification.desktop_notification:Sending desktop notification using 'notify2'
[4.283s] DEBUG:colcon.colcon_core.event_reactor:joined thread
[4.284s] INFO:colcon.colcon_core.shell:Creating prefix script '/home/tammerhaddad/ament_ws/src/trh_ros/trh_nav/install/local_setup.ps1'
[4.287s] INFO:colcon.colcon_core.shell:Creating prefix util module '/home/tammerhaddad/ament_ws/src/trh_ros/trh_nav/install/_local_setup_util_ps1.py'
[4.290s] INFO:colcon.colcon_core.shell:Creating prefix chain script '/home/tammerhaddad/ament_ws/src/trh_ros/trh_nav/install/setup.ps1'
[4.293s] INFO:colcon.colcon_core.shell:Creating prefix script '/home/tammerhaddad/ament_ws/src/trh_ros/trh_nav/install/local_setup.sh'
[4.294s] INFO:colcon.colcon_core.shell:Creating prefix util module '/home/tammerhaddad/ament_ws/src/trh_ros/trh_nav/install/_local_setup_util_sh.py'
[4.294s] INFO:colcon.colcon_core.shell:Creating prefix chain script '/home/tammerhaddad/ament_ws/src/trh_ros/trh_nav/install/setup.sh'
[4.297s] INFO:colcon.colcon_core.shell:Creating prefix script '/home/tammerhaddad/ament_ws/src/trh_ros/trh_nav/install/local_setup.bash'
[4.297s] INFO:colcon.colcon_core.shell:Creating prefix chain script '/home/tammerhaddad/ament_ws/src/trh_ros/trh_nav/install/setup.bash'
[4.299s] INFO:colcon.colcon_core.shell:Creating prefix script '/home/tammerhaddad/ament_ws/src/trh_ros/trh_nav/install/local_setup.zsh'
[4.300s] INFO:colcon.colcon_core.shell:Creating prefix chain script '/home/tammerhaddad/ament_ws/src/trh_ros/trh_nav/install/setup.zsh'
