running egg_info
creating ../build/my_nav/my_nav.egg-info
writing ../build/my_nav/my_nav.egg-info/PKG-INFO
writing dependency_links to ../build/my_nav/my_nav.egg-info/dependency_links.txt
writing entry points to ../build/my_nav/my_nav.egg-info/entry_points.txt
writing requirements to ../build/my_nav/my_nav.egg-info/requires.txt
writing top-level names to ../build/my_nav/my_nav.egg-info/top_level.txt
writing manifest file '../build/my_nav/my_nav.egg-info/SOURCES.txt'
reading manifest file '../build/my_nav/my_nav.egg-info/SOURCES.txt'
adding license file 'LICENSE'
writing manifest file '../build/my_nav/my_nav.egg-info/SOURCES.txt'
running build
running build_py
creating /home/tammerhaddad/ament_ws/src/trh_nav/build/my_nav/build
creating /home/tammerhaddad/ament_ws/src/trh_nav/build/my_nav/build/lib
creating /home/tammerhaddad/ament_ws/src/trh_nav/build/my_nav/build/lib/my_nav
copying my_nav/my_nav.py -> /home/tammerhaddad/ament_ws/src/trh_nav/build/my_nav/build/lib/my_nav
copying my_nav/__init__.py -> /home/tammerhaddad/ament_ws/src/trh_nav/build/my_nav/build/lib/my_nav
running install
running install_lib
creating /home/tammerhaddad/ament_ws/src/trh_nav/install/my_nav/lib/python3.10/site-packages/my_nav
copying /home/tammerhaddad/ament_ws/src/trh_nav/build/my_nav/build/lib/my_nav/my_nav.py -> /home/tammerhaddad/ament_ws/src/trh_nav/install/my_nav/lib/python3.10/site-packages/my_nav
copying /home/tammerhaddad/ament_ws/src/trh_nav/build/my_nav/build/lib/my_nav/__init__.py -> /home/tammerhaddad/ament_ws/src/trh_nav/install/my_nav/lib/python3.10/site-packages/my_nav
byte-compiling /home/tammerhaddad/ament_ws/src/trh_nav/install/my_nav/lib/python3.10/site-packages/my_nav/my_nav.py to my_nav.cpython-310.pyc
byte-compiling /home/tammerhaddad/ament_ws/src/trh_nav/install/my_nav/lib/python3.10/site-packages/my_nav/__init__.py to __init__.cpython-310.pyc
running install_data
creating /home/tammerhaddad/ament_ws/src/trh_nav/install/my_nav/share/ament_index
creating /home/tammerhaddad/ament_ws/src/trh_nav/install/my_nav/share/ament_index/resource_index
creating /home/tammerhaddad/ament_ws/src/trh_nav/install/my_nav/share/ament_index/resource_index/packages
copying resource/my_nav -> /home/tammerhaddad/ament_ws/src/trh_nav/install/my_nav/share/ament_index/resource_index/packages
copying package.xml -> /home/tammerhaddad/ament_ws/src/trh_nav/install/my_nav/share/my_nav
running install_egg_info
Copying ../build/my_nav/my_nav.egg-info to /home/tammerhaddad/ament_ws/src/trh_nav/install/my_nav/lib/python3.10/site-packages/my_nav-0.0.0-py3.10.egg-info
running install_scripts
Installing trh_nav script to /home/tammerhaddad/ament_ws/src/trh_nav/install/my_nav/lib/my_nav
writing list of installed files to '/home/tammerhaddad/ament_ws/src/trh_nav/build/my_nav/install.log'
